node.exe : FAIL src/app/dashboard/agreements/view
/ViewAgreementClient.test.tsx
At C:\Program Files\nodejs\npx.ps1:29 char:3
+   & $NODE_EXE $NPX_CLI_JS $args
+   ~~~~~~~~~~~~~~~~~~~~~~~~~~~~~
    + CategoryInfo          : NotSpecified: (FAI 
   L src/app/da...Client.test.tsx:String) [], R  
  emoteException
    + FullyQualifiedErrorId : NativeCommandError
 
  ÔùÅ Test suite failed to run


      [31mx[0m Unexpected token `div`. 
Expected jsx identifier
         ,-[[36;1;4mC:\Users\alric\Documents\for
malMVP\micro-contracts\src\app\dashboard\agreemen
ts\view\ViewAgreementClient.tsx[0m:332:1]
     [2m332[0m |     };
     [2m333[0m | 
     [2m334[0m |     return (
     [2m335[0m |         <div 
className="max-w-6xl mx-auto px-4 pb-4 sm:px-6 
sm:pb-6 lg:px-8 lg:pb-8">
         : [31;1m         ^^^[0m
     [2m336[0m |             <h1 
className="text-white font-semibold mb-10 
text-5xl text-center">
     [2m337[0m |                 Agreement 
Review
     [2m337[0m |             </h1>
         `----


    Caused by:
        Syntax Error

    [0m [90m 31 |[39m   title[33m:[39m 
string[33m;[39m
     [90m 32 |[39m   content[33m:[39m string 
[33m|[39m [36mnull[39m[33m;[39m
    [31m[1m>[22m[39m[90m 33 |[39m   
created_at[33m:[39m string[33m;[39m
     [90m    |[39m                             
             [31m[1m^[22m[39m
     [90m 34 |[39m   created_by[33m:[39m 
string[33m;[39m
     [90m 35 |[39m   
agreement_participants[33m:[39m 
[33mParticipant[39m[][33m;[39m
     [90m 36 |[39m }[33m;[39m[0m

      at Object.transformSync (node_modules/next/
src/build/swc/index.ts:1433:25)
      at transformSync (node_modules/next/src/bui
ld/swc/index.ts:1550:19)
      at Object.process (node_modules/next/src/bu
ild/swc/jest-transformer.ts:104:25)
      at Object.<anonymous> (src/app/dashboard/ag
reements/view/ViewAgreementClient.test.tsx:33:69)

Test Suites: 1 failed, 1 total
Tests:       0 total
Snapshots:   0 total
Time:        0.751 s
Ran all test suites.
